// Jest Snapshot v1, https://goo.gl/fbAQLP

exports[`should render loginpage correctly 1`] = `
<LoginPage
  startLogin={[Function]}
  store={
    Object {
      "dispatch": [Function],
      "getState": [Function],
      "replaceReducer": [Function],
      "subscribe": [Function],
      Symbol(observable): [Function],
    }
  }
/>
`;
